// Jest Snapshot v1, https://goo.gl/fbAQLP

exports[`MainPage smart component renders loading 1`] = `
"<h1>
  Loading
</h1>"
`;

exports[`MainPage smart component renders without crashing 1`] = `
"<div className=\\"tc\\">
  <Header />
  <SearchBox onSearchChange={[undefined]} />
  <Scroll>
    <ErrorBoundary>
      <CardList robots={{...}} />
    </ErrorBoundary>
  </Scroll>
</div>"
`;
